[     331ms] [ERROR] Loading the font 'https://k2mkucxia43oc7fa.public.blob.vercel-storage.com/front/fonts/space-mono/space-mono-v11-latin-regular.woff2' violates the following Content Security Policy directive: "font-src 'self' *.vercel.com *.gstatic.com vercel.live". The action has been blocked. @ https://vercel.com/signup:80
[     449ms] [LOG] %c
▲

    ____                               _ __
   / __ \________  ____ _____ ___     (_) /_
  / / / / ___/ _ \/ __ `/ __ `__ \   / / __/
 / /_/ / /  /  __/ /_/ / / / / / /  / / /__
/_____/_/   \___/\__,_/_/ /_/ /_/  /_/\__( )
   _____ __    _          _ __           |/
  / ___// /_  (_)___     (_) /_
  \__ \/ __ \/ / __ \   / / __/
 ___/ / / / / / /_/ /  / / /_
/____/_/ /_/_/ .___/  /_/\__/
            /_/
  

Hello!

- Open Source https://vercel.com/oss
- Careers https://vercel.com/careers
- Status https://vercel-status.com

 font-family: "Geist Mono", monospace; white-space: pre; line-height: 1; @ https://vercel.com/_next/static/chunks/2g0axoh_w9yfh.js?dpl=dpl_3Aonp7PdFPHjG4CPx3jzokg9wHkV:78
[    1053ms] [ERROR] Failed to load resource: the server responded with a status of 403 () @ https://vercel.com/api/jwt:0
[    1189ms] [WARNING] Deprecated API for given entry type. @ https://vercel.com/_next/static/chunks/1a7e-ig7xwiza.js?dpl=dpl_3Aonp7PdFPHjG4CPx3jzokg9wHkV:18
[    4332ms] [WARNING] The resource https://vercel.com/_next/static/chunks/3qzusvfebx75b.css?dpl=dpl_3Aonp7PdFPHjG4CPx3jzokg9wHkV was preloaded using link preload but not used within a few seconds from the window's load event. Please make sure it has an appropriate `as` value and it is preloaded intentionally. @ https://vercel.com/signup:0
[    4332ms] [WARNING] The resource https://vercel.com/_next/static/chunks/0028m5urs0vas.css?dpl=dpl_3Aonp7PdFPHjG4CPx3jzokg9wHkV was preloaded using link preload but not used within a few seconds from the window's load event. Please make sure it has an appropriate `as` value and it is preloaded intentionally. @ https://vercel.com/signup:0
[    4332ms] [WARNING] The resource https://vercel.com/_next/static/chunks/1_1b0szk1qyd1.css?dpl=dpl_3Aonp7PdFPHjG4CPx3jzokg9wHkV was preloaded using link preload but not used within a few seconds from the window's load event. Please make sure it has an appropriate `as` value and it is preloaded intentionally. @ https://vercel.com/signup:0
[   10932ms] [WARNING] The resource https://vercel.com/_next/static/chunks/3qzusvfebx75b.css?dpl=dpl_3Aonp7PdFPHjG4CPx3jzokg9wHkV was preloaded using link preload but not used within a few seconds from the window's load event. Please make sure it has an appropriate `as` value and it is preloaded intentionally. @ https://vercel.com/signup:0
[   10932ms] [WARNING] The resource https://vercel.com/_next/static/chunks/0028m5urs0vas.css?dpl=dpl_3Aonp7PdFPHjG4CPx3jzokg9wHkV was preloaded using link preload but not used within a few seconds from the window's load event. Please make sure it has an appropriate `as` value and it is preloaded intentionally. @ https://vercel.com/signup:0
[   10932ms] [WARNING] The resource https://vercel.com/_next/static/chunks/1_1b0szk1qyd1.css?dpl=dpl_3Aonp7PdFPHjG4CPx3jzokg9wHkV was preloaded using link preload but not used within a few seconds from the window's load event. Please make sure it has an appropriate `as` value and it is preloaded intentionally. @ https://vercel.com/signup:0
[   15929ms] [WARNING] The resource https://vercel.com/_next/static/chunks/3qzusvfebx75b.css?dpl=dpl_3Aonp7PdFPHjG4CPx3jzokg9wHkV was preloaded using link preload but not used within a few seconds from the window's load event. Please make sure it has an appropriate `as` value and it is preloaded intentionally. @ https://vercel.com/signup:0
[   15929ms] [WARNING] The resource https://vercel.com/_next/static/chunks/0028m5urs0vas.css?dpl=dpl_3Aonp7PdFPHjG4CPx3jzokg9wHkV was preloaded using link preload but not used within a few seconds from the window's load event. Please make sure it has an appropriate `as` value and it is preloaded intentionally. @ https://vercel.com/signup:0
[   15929ms] [WARNING] The resource https://vercel.com/_next/static/chunks/1_1b0szk1qyd1.css?dpl=dpl_3Aonp7PdFPHjG4CPx3jzokg9wHkV was preloaded using link preload but not used within a few seconds from the window's load event. Please make sure it has an appropriate `as` value and it is preloaded intentionally. @ https://vercel.com/signup:0
[   22719ms] [WARNING] The resource https://vercel.com/_next/static/chunks/3qzusvfebx75b.css?dpl=dpl_3Aonp7PdFPHjG4CPx3jzokg9wHkV was preloaded using link preload but not used within a few seconds from the window's load event. Please make sure it has an appropriate `as` value and it is preloaded intentionally. @ https://vercel.com/signup:0
[   22719ms] [WARNING] The resource https://vercel.com/_next/static/chunks/0028m5urs0vas.css?dpl=dpl_3Aonp7PdFPHjG4CPx3jzokg9wHkV was preloaded using link preload but not used within a few seconds from the window's load event. Please make sure it has an appropriate `as` value and it is preloaded intentionally. @ https://vercel.com/signup:0
[   22719ms] [WARNING] The resource https://vercel.com/_next/static/chunks/1_1b0szk1qyd1.css?dpl=dpl_3Aonp7PdFPHjG4CPx3jzokg9wHkV was preloaded using link preload but not used within a few seconds from the window's load event. Please make sure it has an appropriate `as` value and it is preloaded intentionally. @ https://vercel.com/signup:0
[   25929ms] [WARNING] The resource https://vercel.com/_next/static/chunks/3qzusvfebx75b.css?dpl=dpl_3Aonp7PdFPHjG4CPx3jzokg9wHkV was preloaded using link preload but not used within a few seconds from the window's load event. Please make sure it has an appropriate `as` value and it is preloaded intentionally. @ https://vercel.com/signup:0
[   25929ms] [WARNING] The resource https://vercel.com/_next/static/chunks/0028m5urs0vas.css?dpl=dpl_3Aonp7PdFPHjG4CPx3jzokg9wHkV was preloaded using link preload but not used within a few seconds from the window's load event. Please make sure it has an appropriate `as` value and it is preloaded intentionally. @ https://vercel.com/signup:0
[   25929ms] [WARNING] The resource https://vercel.com/_next/static/chunks/1_1b0szk1qyd1.css?dpl=dpl_3Aonp7PdFPHjG4CPx3jzokg9wHkV was preloaded using link preload but not used within a few seconds from the window's load event. Please make sure it has an appropriate `as` value and it is preloaded intentionally. @ https://vercel.com/signup:0
[   30928ms] [WARNING] The resource https://vercel.com/_next/static/chunks/3qzusvfebx75b.css?dpl=dpl_3Aonp7PdFPHjG4CPx3jzokg9wHkV was preloaded using link preload but not used within a few seconds from the window's load event. Please make sure it has an appropriate `as` value and it is preloaded intentionally. @ https://vercel.com/signup:0
[   30928ms] [WARNING] The resource https://vercel.com/_next/static/chunks/0028m5urs0vas.css?dpl=dpl_3Aonp7PdFPHjG4CPx3jzokg9wHkV was preloaded using link preload but not used within a few seconds from the window's load event. Please make sure it has an appropriate `as` value and it is preloaded intentionally. @ https://vercel.com/signup:0
[   30928ms] [WARNING] The resource https://vercel.com/_next/static/chunks/1_1b0szk1qyd1.css?dpl=dpl_3Aonp7PdFPHjG4CPx3jzokg9wHkV was preloaded using link preload but not used within a few seconds from the window's load event. Please make sure it has an appropriate `as` value and it is preloaded intentionally. @ https://vercel.com/signup:0
[   35929ms] [WARNING] The resource https://vercel.com/_next/static/chunks/3qzusvfebx75b.css?dpl=dpl_3Aonp7PdFPHjG4CPx3jzokg9wHkV was preloaded using link preload but not used within a few seconds from the window's load event. Please make sure it has an appropriate `as` value and it is preloaded intentionally. @ https://vercel.com/signup:0
[   35929ms] [WARNING] The resource https://vercel.com/_next/static/chunks/0028m5urs0vas.css?dpl=dpl_3Aonp7PdFPHjG4CPx3jzokg9wHkV was preloaded using link preload but not used within a few seconds from the window's load event. Please make sure it has an appropriate `as` value and it is preloaded intentionally. @ https://vercel.com/signup:0
[   35929ms] [WARNING] The resource https://vercel.com/_next/static/chunks/1_1b0szk1qyd1.css?dpl=dpl_3Aonp7PdFPHjG4CPx3jzokg9wHkV was preloaded using link preload but not used within a few seconds from the window's load event. Please make sure it has an appropriate `as` value and it is preloaded intentionally. @ https://vercel.com/signup:0
[   40929ms] [WARNING] The resource https://vercel.com/_next/static/chunks/3qzusvfebx75b.css?dpl=dpl_3Aonp7PdFPHjG4CPx3jzokg9wHkV was preloaded using link preload but not used within a few seconds from the window's load event. Please make sure it has an appropriate `as` value and it is preloaded intentionally. @ https://vercel.com/signup:0
[   40929ms] [WARNING] The resource https://vercel.com/_next/static/chunks/0028m5urs0vas.css?dpl=dpl_3Aonp7PdFPHjG4CPx3jzokg9wHkV was preloaded using link preload but not used within a few seconds from the window's load event. Please make sure it has an appropriate `as` value and it is preloaded intentionally. @ https://vercel.com/signup:0
[   40929ms] [WARNING] The resource https://vercel.com/_next/static/chunks/1_1b0szk1qyd1.css?dpl=dpl_3Aonp7PdFPHjG4CPx3jzokg9wHkV was preloaded using link preload but not used within a few seconds from the window's load event. Please make sure it has an appropriate `as` value and it is preloaded intentionally. @ https://vercel.com/signup:0
[   45928ms] [WARNING] The resource https://vercel.com/_next/static/chunks/3qzusvfebx75b.css?dpl=dpl_3Aonp7PdFPHjG4CPx3jzokg9wHkV was preloaded using link preload but not used within a few seconds from the window's load event. Please make sure it has an appropriate `as` value and it is preloaded intentionally. @ https://vercel.com/signup:0
[   45928ms] [WARNING] The resource https://vercel.com/_next/static/chunks/0028m5urs0vas.css?dpl=dpl_3Aonp7PdFPHjG4CPx3jzokg9wHkV was preloaded using link preload but not used within a few seconds from the window's load event. Please make sure it has an appropriate `as` value and it is preloaded intentionally. @ https://vercel.com/signup:0
[   45928ms] [WARNING] The resource https://vercel.com/_next/static/chunks/1_1b0szk1qyd1.css?dpl=dpl_3Aonp7PdFPHjG4CPx3jzokg9wHkV was preloaded using link preload but not used within a few seconds from the window's load event. Please make sure it has an appropriate `as` value and it is preloaded intentionally. @ https://vercel.com/signup:0
[   50928ms] [WARNING] The resource https://vercel.com/_next/static/chunks/3qzusvfebx75b.css?dpl=dpl_3Aonp7PdFPHjG4CPx3jzokg9wHkV was preloaded using link preload but not used within a few seconds from the window's load event. Please make sure it has an appropriate `as` value and it is preloaded intentionally. @ https://vercel.com/signup:0
[   50928ms] [WARNING] The resource https://vercel.com/_next/static/chunks/0028m5urs0vas.css?dpl=dpl_3Aonp7PdFPHjG4CPx3jzokg9wHkV was preloaded using link preload but not used within a few seconds from the window's load event. Please make sure it has an appropriate `as` value and it is preloaded intentionally. @ https://vercel.com/signup:0
[   50928ms] [WARNING] The resource https://vercel.com/_next/static/chunks/1_1b0szk1qyd1.css?dpl=dpl_3Aonp7PdFPHjG4CPx3jzokg9wHkV was preloaded using link preload but not used within a few seconds from the window's load event. Please make sure it has an appropriate `as` value and it is preloaded intentionally. @ https://vercel.com/signup:0
[   55947ms] [WARNING] The resource https://vercel.com/_next/static/chunks/3qzusvfebx75b.css?dpl=dpl_3Aonp7PdFPHjG4CPx3jzokg9wHkV was preloaded using link preload but not used within a few seconds from the window's load event. Please make sure it has an appropriate `as` value and it is preloaded intentionally. @ https://vercel.com/signup:0
[   55947ms] [WARNING] The resource https://vercel.com/_next/static/chunks/0028m5urs0vas.css?dpl=dpl_3Aonp7PdFPHjG4CPx3jzokg9wHkV was preloaded using link preload but not used within a few seconds from the window's load event. Please make sure it has an appropriate `as` value and it is preloaded intentionally. @ https://vercel.com/signup:0
[   55947ms] [WARNING] The resource https://vercel.com/_next/static/chunks/1_1b0szk1qyd1.css?dpl=dpl_3Aonp7PdFPHjG4CPx3jzokg9wHkV was preloaded using link preload but not used within a few seconds from the window's load event. Please make sure it has an appropriate `as` value and it is preloaded intentionally. @ https://vercel.com/signup:0
[   56135ms] [LOG] Error @ https://vercel.com/149e9513-01fa-4fb0-aad4-566afd725d1b/2d206a39-8ed7-437e-a3be-862e0f06eea3/a-4-a/c.js?i=0&v=3&h=vercel.com:0
[   58005ms] [LOG] Error @ :2
[   58027ms] [LOG] Error @ :2
[   58028ms] [LOG] Error @ :2
[   58251ms] [WARNING] Unable to create a text session because the service is not running. @ https://vercel.com/149e9513-01fa-4fb0-aad4-566afd725d1b/2d206a39-8ed7-437e-a3be-862e0f06eea3/fp?x-kpsdk-v=j-1.2.412:0
[   58254ms] [ERROR] Unsupported Summarizer API languages were specified, and the request was aborted. API calls must only specify supported languages to ensure successful processing and guarantee output characteristics. Please only specify supported language codes: [en, es, ja] @ https://vercel.com/149e9513-01fa-4fb0-aad4-566afd725d1b/2d206a39-8ed7-437e-a3be-862e0f06eea3/fp?x-kpsdk-v=j-1.2.412:0
[   58255ms] [WARNING] The requested language options are not supported. @ https://vercel.com/149e9513-01fa-4fb0-aad4-566afd725d1b/2d206a39-8ed7-437e-a3be-862e0f06eea3/fp?x-kpsdk-v=j-1.2.412:0
[   58302ms] [WARNING] Unable to create a text session because the service is not running. @ https://vercel.com/149e9513-01fa-4fb0-aad4-566afd725d1b/2d206a39-8ed7-437e-a3be-862e0f06eea3/fp?x-kpsdk-v=j-1.2.412:0
[   58306ms] [WARNING] The requested language options are not supported. @ https://vercel.com/149e9513-01fa-4fb0-aad4-566afd725d1b/2d206a39-8ed7-437e-a3be-862e0f06eea3/fp?x-kpsdk-v=j-1.2.412:0
[   58306ms] [WARNING] The requested language options are not supported. @ https://vercel.com/149e9513-01fa-4fb0-aad4-566afd725d1b/2d206a39-8ed7-437e-a3be-862e0f06eea3/fp?x-kpsdk-v=j-1.2.412:0
[   58307ms] [WARNING] The requested language options are not supported. @ https://vercel.com/149e9513-01fa-4fb0-aad4-566afd725d1b/2d206a39-8ed7-437e-a3be-862e0f06eea3/fp?x-kpsdk-v=j-1.2.412:0
[   58308ms] [WARNING] The requested language options are not supported. @ https://vercel.com/149e9513-01fa-4fb0-aad4-566afd725d1b/2d206a39-8ed7-437e-a3be-862e0f06eea3/fp?x-kpsdk-v=j-1.2.412:0
[   58308ms] [WARNING] The requested language options are not supported. @ https://vercel.com/149e9513-01fa-4fb0-aad4-566afd725d1b/2d206a39-8ed7-437e-a3be-862e0f06eea3/fp?x-kpsdk-v=j-1.2.412:0
[   58309ms] [WARNING] Unable to create a text session because the service is not running. @ https://vercel.com/149e9513-01fa-4fb0-aad4-566afd725d1b/2d206a39-8ed7-437e-a3be-862e0f06eea3/fp?x-kpsdk-v=j-1.2.412:0
[   58309ms] [WARNING] The requested language options are not supported. @ https://vercel.com/149e9513-01fa-4fb0-aad4-566afd725d1b/2d206a39-8ed7-437e-a3be-862e0f06eea3/fp?x-kpsdk-v=j-1.2.412:0
[   58309ms] [WARNING] The requested language options are not supported. @ https://vercel.com/149e9513-01fa-4fb0-aad4-566afd725d1b/2d206a39-8ed7-437e-a3be-862e0f06eea3/fp?x-kpsdk-v=j-1.2.412:0
[   58471ms] [LOG] Error @ :2
[   59076ms] [LOG] Error @ https://vercel.com/149e9513-01fa-4fb0-aad4-566afd725d1b/2d206a39-8ed7-437e-a3be-862e0f06eea3/a-4-a/c.js?i=0&v=3&h=vercel.com:0
[   62298ms] [WARNING] The resource https://vercel.com/_next/static/chunks/3qzusvfebx75b.css?dpl=dpl_3Aonp7PdFPHjG4CPx3jzokg9wHkV was preloaded using link preload but not used within a few seconds from the window's load event. Please make sure it has an appropriate `as` value and it is preloaded intentionally. @ https://vercel.com/signup:0
[   62298ms] [WARNING] The resource https://vercel.com/_next/static/chunks/0028m5urs0vas.css?dpl=dpl_3Aonp7PdFPHjG4CPx3jzokg9wHkV was preloaded using link preload but not used within a few seconds from the window's load event. Please make sure it has an appropriate `as` value and it is preloaded intentionally. @ https://vercel.com/signup:0
[   62298ms] [WARNING] The resource https://vercel.com/_next/static/chunks/1_1b0szk1qyd1.css?dpl=dpl_3Aonp7PdFPHjG4CPx3jzokg9wHkV was preloaded using link preload but not used within a few seconds from the window's load event. Please make sure it has an appropriate `as` value and it is preloaded intentionally. @ https://vercel.com/signup:0
[   65929ms] [WARNING] The resource https://vercel.com/_next/static/chunks/3qzusvfebx75b.css?dpl=dpl_3Aonp7PdFPHjG4CPx3jzokg9wHkV was preloaded using link preload but not used within a few seconds from the window's load event. Please make sure it has an appropriate `as` value and it is preloaded intentionally. @ https://vercel.com/signup:0
[   65929ms] [WARNING] The resource https://vercel.com/_next/static/chunks/0028m5urs0vas.css?dpl=dpl_3Aonp7PdFPHjG4CPx3jzokg9wHkV was preloaded using link preload but not used within a few seconds from the window's load event. Please make sure it has an appropriate `as` value and it is preloaded intentionally. @ https://vercel.com/signup:0
[   65929ms] [WARNING] The resource https://vercel.com/_next/static/chunks/1_1b0szk1qyd1.css?dpl=dpl_3Aonp7PdFPHjG4CPx3jzokg9wHkV was preloaded using link preload but not used within a few seconds from the window's load event. Please make sure it has an appropriate `as` value and it is preloaded intentionally. @ https://vercel.com/signup:0
[   70928ms] [WARNING] The resource https://vercel.com/_next/static/chunks/3qzusvfebx75b.css?dpl=dpl_3Aonp7PdFPHjG4CPx3jzokg9wHkV was preloaded using link preload but not used within a few seconds from the window's load event. Please make sure it has an appropriate `as` value and it is preloaded intentionally. @ https://vercel.com/signup:0
[   70929ms] [WARNING] The resource https://vercel.com/_next/static/chunks/0028m5urs0vas.css?dpl=dpl_3Aonp7PdFPHjG4CPx3jzokg9wHkV was preloaded using link preload but not used within a few seconds from the window's load event. Please make sure it has an appropriate `as` value and it is preloaded intentionally. @ https://vercel.com/signup:0
[   70929ms] [WARNING] The resource https://vercel.com/_next/static/chunks/1_1b0szk1qyd1.css?dpl=dpl_3Aonp7PdFPHjG4CPx3jzokg9wHkV was preloaded using link preload but not used within a few seconds from the window's load event. Please make sure it has an appropriate `as` value and it is preloaded intentionally. @ https://vercel.com/signup:0
[   74536ms] [ERROR] Failed to load resource: the server responded with a status of 503 () @ https://collector.github.com/github/collect:0
[   77822ms] [ERROR] Failed to load resource: the server responded with a status of 503 () @ https://collector.github.com/github/collect:0
[  485797ms] [ERROR] Failed to load resource: the server responded with a status of 503 () @ https://collector.github.com/github/collect:0
[ 1330376ms] [ERROR] Failed to load resource: the server responded with a status of 503 () @ https://collector.github.com/github/collect:0
[ 1331733ms] [ERROR] Failed to load resource: the server responded with a status of 503 () @ https://collector.github.com/github/collect:0
